Running as unit: run-u3614.scope; invocation ID: 2520b99920c04f1990733d477a8b5f5e
✔ optimizer commits its already-resolved one-unit source, request, destination, and owner (47.842062ms)
✔ a personal-first edge and a shared edge keep two workers distinct (24.998535ms)
✔ personal work bypasses preferences while shared work still honors them (31.795849ms)
✔ queue order wins scarce-source revalidation before actor ID (12.42783ms)
✔ a carrying transfer is continued by the same actor and interruption marks work dirty for retry (11.490346ms)
✔ unfinished shelves accept wood through their construction buffer, not shelf storage (162.068991ms)
✔ a normal wall withdraws stored wood through the common transfer lifecycle (38.550198ms)
✔ wall and shelf deconstruction salvage construction buffers and eject only shelf contents (16.186215ms)
✔ shelf teardown settles another actor's released transfer before the next snapshot (24.741507ms)
✔ chop, sow, harvest, and rest retain their non-transfer outcomes (22.418207ms)
✔ actual libcolony admits paused Work, Draft, and Go without advancing time (8.495563ms)
✔ actual libcolony assigns two idle home members distinct reachable shared chops (64.140226ms)
✔ actual libcolony admits legal stairs and rejects unsupported topology (14.646153ms)
✔ actual libcolony cancellation returns buffered wood and preserves v7 conservation (17.419272ms)
✔ established mugwort grows at its 20/80/240 thresholds (136.349741ms)
✔ actual libcolony replay stays deterministic through feed and cat movement (93.212929ms)
✔ actual libcolony preserves recruit/scope admission and one scarce source (28.172929ms)
✔ actual libcolony creates a night routine in a sheltered room and clears it at dawn (54.718316ms)
✔ actual libcolony supplies shared cache repair through its buffer and cancellation returns staged wood (94.322403ms)
✔ actual libcolony builds a normal brew station from repaired finite cache wood (457.522927ms)
✔ actual libcolony repairs once, pauses a filled pail, and resumes one fill operation without redrawing (540.655557ms)
✔ actual libcolony establishes one newly sown mugwort with one recoverable pail draw (273.366958ms)
✔ canceling mugwort water delivery releases the pail and never establishes the plant (126.643833ms)
✔ one cache pail admits only the earlier shared fill job (14.042243ms)
✔ canceling an incomplete fill drops its same filled pail and retires the live operation (10.807498ms)
✔ actual libcolony leaves a shortage staged but never admits a partial herbal ale (236.522841ms)
✔ actual libcolony stages, interrupts, reloads, prepares, and ferments herbal ale (1447.931353ms)
✔ canceling PREPARE retires only its process promise and leaves staged brew lots (489.591408ms)
✔ brew-station removal stays blocked for staged, Fill, and fermenting ownership (5.765479ms)
✔ actual libcolony digs one shallow voxel to its rim then backfills through one soil transfer (85.607929ms)
✔ actual libcolony finishes an adjacent two-cell trench across a paused reload without spoiling either target (82.838004ms)
✔ drafting then cancelling a carrying backfill preserves its one real soil lot (34.270819ms)
✔ a new loose occupant interrupts a dig before settlement without minting soil (32.833724ms)
✔ ordinary operation use splits, drops, and settles one bound ration (34.01203ms)
✔ lots allocate collision-safe positive IDs without changing state on failure (10.534126ms)
✔ construction embedding validates the recipe amount independently of staging capacity (0.539062ms)
✔ a one-unit wood source binds an exact one-unit portion for a two-unit demand (14.335906ms)
✔ portion pickup splits deterministically while preserving the resolved owner (0.366833ms)
✔ whole-lot shelf storage preserves mugwort identity and admits no portion (0.349647ms)
✔ mixed shelf capacity is exact and stored wood withdraws into a normal wall (0.491159ms)
✔ an incompatible stored lot consumes nonzero physical bulk (14.369697ms)
✔ source eligibility is resolved before an unrelated use owner (0.277418ms)
✔ incoming exact-lot capacity uses its carried payload after a partial pickup (0.634345ms)
✔ ordinary transfers reject water hand cargo while vessel moves stay container-only (13.034494ms)
✔ interruption releases reserved promises and drops carrying material atomically (0.397408ms)
✔ one held pail draws and pours exactly two finite water units (2.669363ms)
✔ interrupting a filled held pail drops one vessel but preserves its operation binding (0.335205ms)
✔ an interrupted pail keeps one operation binding and can rebind (9.633038ms)
✔ shelf release ejects its exact lot and construction salvage records the consumed wood (0.617321ms)
✔ embedding and partial salvage conserve a door's two wood through its sink (0.183527ms)
✔ material ground locations discard Site and Herb-shaped extras on every settlement (13.755741ms)
✔ resolved recipe plans bind split staged portions atomically and record provenance (15.828545ms)
✔ recipe settlement atomically realizes bound output receipts without replacing retained lots (2.156381ms)
✔ a settled recipe receipt consumes exact resolved outputs without pinning later lots (0.41159ms)
✔ v15 snapshots retain authored terrain, omit commands, and restore paused (212.945298ms)
✔ schema 13 stays frozen while schema 14 rejects malformed terrain edits and soil sinks (93.371569ms)
✔ strict schema 11 converts Craft defaults but rejects schema-12 Brew fields (60.604377ms)
✔ station endpoint catalogue restores checked slots and rejects mismatches (172.33257ms)
✔ valid schema 10 converts bindings and introduces cache supplies once (40.501891ms)
✔ schema 10 load boundary rejects schema-11 materials and transfer policies (24.362127ms)
✔ invalid schema 10 transfer relations reject before conversion (29.444135ms)
✔ a held pail use reloads only with its matching operation custody (65.644672ms)
✔ schema 12 validates executor-bound Fill custody before converting it (53.262251ms)
✔ current water operations pin target quantity and establishment receipts (64.366987ms)
✔ schema 10 rejects actor-bound pail bindings as an unpublished wire shape (10.998486ms)
✔ schema 10 rejects two parked operations bound to one physical pail (27.908922ms)
✔ schema 10 converts cache recipe lots exactly once (51.706135ms)
✔ schema 10 rejects a cross-domain cache supply identity collision before mutation (12.876906ms)
✔ schema 11 validates one exact brew binding and its provenance without live consumed lots (32.529697ms)
✔ schema 11 aggregates recipe portion promises across distinct brew bindings (15.776176ms)
✔ restore rejects a finite source occupying an actor's saved route (1.025046ms)
✔ restore rejects an irrelevant repair flag on a spring (16.258182ms)
✔ restore rejects finite source stock over its provider capacity (0.879935ms)
✔ restore rejects a raw schema 9 finite source with the wrong access policy (14.378169ms)
✔ restore rejects a finite source lot with the wrong source material (11.792321ms)
✔ restore accepts a final source lot drawn into a dropped pail (13.001924ms)
✔ restore rejects ordinary IDs colliding with active source derivatives (0.980157ms)
✔ restore rejects ordinary IDs colliding with an active source named lot (12.882104ms)
✔ restore rejects a vessel operation colliding with feature:spring (4.707274ms)
✔ restore rejects a vessel operation colliding with source:feature:spring (6.148336ms)
✔ restore rejects a vessel operation colliding with source-lot:feature:spring (7.023274ms)
✔ restore rejects a pending source that collides with an active feature identity (7.397538ms)
✔ schema 14 reports unsupported predecessors truthfully (27.468828ms)
✔ current recipe records parse a generic ID then reject an unsupported definition (7.559253ms)
✔ current-v8 revision admission distinguishes absent, malformed, and stale slots (15.636736ms)
✔ restore accepts an active build-supply transfer and rejects owner/request contrasts (49.761325ms)
✔ restore accepts one full embedding for every finished construction site (5.701071ms)
✔ restore rejects duplicate live material lot IDs (0.784012ms)
✔ restore rejects a synthetic stacked ground pail (14.01992ms)
✔ restore rejects drawn water made loose beside a depleted spring (0.822891ms)
✔ restore rejects duplicate current job IDs (12.040637ms)
✔ restore rejects duplicate current site IDs (0.773185ms)
✔ restore rejects duplicate transfer IDs before transfer joins (10.045239ms)
✔ restore rejects hand lots without exactly one carrying transfer (5.934815ms)
✔ restore rejects container lots outside an accepted live destination (8.072846ms)
✔ restore rejects embedded entries without a finished construction buffer (14.222845ms)
✔ restore rejects a transfer whose owner job is absent (11.911331ms)
✔ restore rejects transfer owner and destination disagreement (5.081298ms)
✔ restore rejects transfer phase quantities and source joins (9.153935ms)
✔ restore rejects aggregate reserved quantities over a source lot (8.22721ms)
✔ restore rejects occupied plus incoming material beyond a resolved container capacity (23.514599ms)
✔ restore measures mixed shelf occupancy in bulk units (0.990042ms)
✔ restore requires a matching actor task for reserved transfers (14.600614ms)
✔ restore rejects carrying material that does not match source or destination (10.255586ms)
✔ restore rejects a finished site without its full construction embedding (11.982559ms)
✔ restore rejects actor task, activity, assignment, and target disagreement (1.071234ms)
✔ restore rejects invalid actor paths (15.801866ms)
✔ restore rejects unsupported current topology (26.053565ms)
✔ restore rejects unsupported finished roofs (10.484191ms)
✔ restore rejects current material conservation breaks (0.900207ms)
✔ shipped v14 upgrades physical needs and finite provisions once without rewriting its old lots (19.119335ms)
✖ v14 rejects future stock and broken old ownership before adding care provisions (1.445378ms)
ℹ tests 112
ℹ suites 0
ℹ pass 111
ℹ fail 1
ℹ cancelled 0
ℹ skipped 0
ℹ todo 0
ℹ duration_ms 11419.99055

✖ failing tests:

test at src/persistence.test.js:1853:1
✖ v14 rejects future stock and broken old ownership before adding care provisions (1.445378ms)
  AssertionError [ERR_ASSERTION]: The input did not match the regular expression /capacity|conservation/. Input:
  
  'Error: Invalid schema 14 save: source feature:spring has invalid finite contents'
  
      at TestContext.<anonymous> (file:///home/levi/src/hive/src/persistence.test.js:1857:10)
      at Test.runInAsyncScope (node:async_hooks:227:14)
      at Test.run (node:internal/test_runner/test:1397:25)
      at Test.processPendingSubtests (node:internal/test_runner/test:969:18)
      at Test.postRun (node:internal/test_runner/test:1537:19)
      at Test.run (node:internal/test_runner/test:1462:12)
      at async Test.processPendingSubtests (node:internal/test_runner/test:969:7) {
    generatedMessage: true,
    code: 'ERR_ASSERTION',
    actual: Error: Invalid schema 14 save: source feature:spring has invalid finite contents
        at fail (file:///home/levi/src/hive/src/persistence.ts:1196:9)
        at validateSources (file:///home/levi/src/hive/src/persistence.ts:1863:16)
        at validateRelations (file:///home/levi/src/hive/src/persistence.ts:2872:3)
        at validateV14Relations (file:///home/levi/src/hive/src/persistence.ts:3004:10)
        at convertV14State (file:///home/levi/src/hive/src/persistence.ts:3015:22)
        at validateSaveEnvelope (file:///home/levi/src/hive/src/persistence.ts:3215:19)
        at restoreSnapshot (file:///home/levi/src/hive/src/persistence.ts:3289:18)
        at file:///home/levi/src/hive/src/persistence.test.js:1857:23
        at getActual (node:assert:611:5)
        at strict.throws (node:assert:759:24),
    expected: /capacity|conservation/,
    operator: 'throws',
    diff: 'simple'
  }
