Running as unit: run-u3611.scope; invocation ID: 167477460ad04c5ab235e0fd29d0bed6

> hive@0.0.0 test
> node --test src/clearing.test.js src/persistence.test.js

✔ optimizer commits its already-resolved one-unit source, request, destination, and owner (23.206794ms)
✔ a personal-first edge and a shared edge keep two workers distinct (13.111159ms)
✔ personal work bypasses preferences while shared work still honors them (13.859968ms)
✔ queue order wins scarce-source revalidation before actor ID (4.291417ms)
✔ a carrying transfer is continued by the same actor and interruption marks work dirty for retry (3.844283ms)
✔ unfinished shelves accept wood through their construction buffer, not shelf storage (62.456175ms)
✔ a normal wall withdraws stored wood through the common transfer lifecycle (16.506086ms)
✔ wall and shelf deconstruction salvage construction buffers and eject only shelf contents (6.828431ms)
✔ shelf teardown settles another actor's released transfer before the next snapshot (11.077384ms)
✖ chop, sow, harvest, and rest retain their non-transfer outcomes (17.961269ms)
✔ actual libcolony admits paused Work, Draft, and Go without advancing time (5.088348ms)
✔ actual libcolony assigns two idle home members distinct reachable shared chops (22.234128ms)
✔ actual libcolony admits legal stairs and rejects unsupported topology (6.988462ms)
✔ actual libcolony cancellation returns buffered wood and preserves v7 conservation (9.471775ms)
✔ established mugwort grows at its 20/80/240 thresholds (60.66741ms)
✔ actual libcolony replay stays deterministic through feed and cat movement (41.360112ms)
✔ actual libcolony preserves recruit/scope admission and one scarce source (14.122243ms)
✔ actual libcolony creates a night routine in a sheltered room and clears it at dawn (20.695139ms)
✔ actual libcolony supplies shared cache repair through its buffer and cancellation returns staged wood (36.320588ms)
✔ actual libcolony builds a normal brew station from repaired finite cache wood (202.646379ms)
✖ actual libcolony repairs once, pauses a filled pail, and resumes one fill operation without redrawing (277.915695ms)
✔ actual libcolony establishes one newly sown mugwort with one recoverable pail draw (132.520737ms)
✔ canceling mugwort water delivery releases the pail and never establishes the plant (56.376794ms)
✔ one cache pail admits only the earlier shared fill job (7.448546ms)
✔ canceling an incomplete fill drops its same filled pail and retires the live operation (9.151613ms)
✔ actual libcolony leaves a shortage staged but never admits a partial herbal ale (127.34088ms)
✔ actual libcolony stages, interrupts, reloads, prepares, and ferments herbal ale (543.437312ms)
✔ canceling PREPARE retires only its process promise and leaves staged brew lots (152.410963ms)
✔ brew-station removal stays blocked for staged, Fill, and fermenting ownership (1.842988ms)
✔ actual libcolony digs one shallow voxel to its rim then backfills through one soil transfer (31.224086ms)
✔ actual libcolony finishes an adjacent two-cell trench across a paused reload without spoiling either target (33.544454ms)
✔ drafting then cancelling a carrying backfill preserves its one real soil lot (9.49528ms)
✔ a new loose occupant interrupts a dig before settlement without minting soil (9.620388ms)
✔ v15 snapshots retain authored terrain, omit commands, and restore paused (90.529003ms)
✔ schema 13 stays frozen while schema 14 rejects malformed terrain edits and soil sinks (32.047608ms)
✔ strict schema 11 converts Craft defaults but rejects schema-12 Brew fields (28.48528ms)
✔ station endpoint catalogue restores checked slots and rejects mismatches (70.581591ms)
✔ valid schema 10 converts bindings and introduces cache supplies once (15.138414ms)
✔ schema 10 load boundary rejects schema-11 materials and transfer policies (5.989077ms)
✔ invalid schema 10 transfer relations reject before conversion (11.396516ms)
✔ a held pail use reloads only with its matching operation custody (27.454596ms)
✔ schema 12 validates executor-bound Fill custody before converting it (18.753813ms)
✔ current water operations pin target quantity and establishment receipts (23.557733ms)
✔ schema 10 rejects actor-bound pail bindings as an unpublished wire shape (6.026492ms)
✔ schema 10 rejects two parked operations bound to one physical pail (9.456691ms)
✖ schema 10 converts cache recipe lots exactly once (26.617013ms)
✔ schema 10 rejects a cross-domain cache supply identity collision before mutation (4.217886ms)
✔ schema 11 validates one exact brew binding and its provenance without live consumed lots (26.431804ms)
✔ schema 11 aggregates recipe portion promises across distinct brew bindings (7.8354ms)
✔ restore rejects a finite source occupying an actor's saved route (0.952065ms)
✔ restore rejects an irrelevant repair flag on a spring (7.058137ms)
✔ restore rejects finite source stock over its provider capacity (3.100964ms)
✔ restore rejects a raw schema 9 finite source with the wrong access policy (5.980613ms)
✔ restore rejects a finite source lot with the wrong source material (0.830552ms)
✔ restore accepts a final source lot drawn into a dropped pail (5.857567ms)
✔ restore rejects ordinary IDs colliding with active source derivatives (2.631445ms)
✔ restore rejects ordinary IDs colliding with an active source named lot (4.861217ms)
✔ restore rejects a vessel operation colliding with feature:spring (0.970343ms)
✔ restore rejects a vessel operation colliding with source:feature:spring (6.90065ms)
✔ restore rejects a vessel operation colliding with source-lot:feature:spring (6.525775ms)
✔ restore rejects a pending source that collides with an active feature identity (1.302914ms)
✔ schema 14 reports unsupported predecessors truthfully (12.911448ms)
✔ current recipe records parse a generic ID then reject an unsupported definition (0.929462ms)
✔ current-v8 revision admission distinguishes absent, malformed, and stale slots (10.099971ms)
✔ restore accepts an active build-supply transfer and rejects owner/request contrasts (34.570599ms)
✔ restore accepts one full embedding for every finished construction site (3.607376ms)
✔ restore rejects duplicate live material lot IDs (0.719084ms)
✔ restore rejects a synthetic stacked ground pail (6.994831ms)
✔ restore rejects drawn water made loose beside a depleted spring (7.8433ms)
✔ restore rejects duplicate current job IDs (2.808963ms)
✔ restore rejects duplicate current site IDs (5.981454ms)
✔ restore rejects duplicate transfer IDs before transfer joins (7.959967ms)
✔ restore rejects hand lots without exactly one carrying transfer (3.910192ms)
✔ restore rejects container lots outside an accepted live destination (10.806576ms)
✔ restore rejects embedded entries without a finished construction buffer (0.811944ms)
✔ restore rejects a transfer whose owner job is absent (6.970055ms)
✔ restore rejects transfer owner and destination disagreement (3.024789ms)
✔ restore rejects transfer phase quantities and source joins (3.96126ms)
✔ restore rejects aggregate reserved quantities over a source lot (4.347472ms)
✔ restore rejects occupied plus incoming material beyond a resolved container capacity (4.809318ms)
✔ restore measures mixed shelf occupancy in bulk units (5.522602ms)
✔ restore requires a matching actor task for reserved transfers (11.684109ms)
✔ restore rejects carrying material that does not match source or destination (7.042894ms)
✔ restore rejects a finished site without its full construction embedding (0.749791ms)
✔ restore rejects actor task, activity, assignment, and target disagreement (6.80831ms)
✔ restore rejects invalid actor paths (0.757582ms)
✔ restore rejects unsupported current topology (14.327602ms)
✔ restore rejects unsupported finished roofs (8.731859ms)
✔ restore rejects current material conservation breaks (0.79005ms)
ℹ tests 89
ℹ suites 0
ℹ pass 86
ℹ fail 3
ℹ cancelled 0
ℹ skipped 0
ℹ todo 0
ℹ duration_ms 4535.508321

✖ failing tests:

test at src/clearing.test.js:666:1
✖ chop, sow, harvest, and rest retain their non-transfer outcomes (17.961269ms)
  AssertionError [ERR_ASSERTION]: The expression evaluated to a falsy value:
  
    assert.ok(state.actors.rowan.needs.rest >= 89)
  
      at TestContext.<anonymous> (file:///home/levi/src/hive/src/clearing.test.js:776:10)
      at Test.runInAsyncScope (node:async_hooks:227:14)
      at Test.run (node:internal/test_runner/test:1397:25)
      at Test.processPendingSubtests (node:internal/test_runner/test:969:18)
      at Test.postRun (node:internal/test_runner/test:1537:19)
      at Test.run (node:internal/test_runner/test:1462:12)
      at async Test.processPendingSubtests (node:internal/test_runner/test:969:7) {
    generatedMessage: true,
    code: 'ERR_ASSERTION',
    actual: false,
    expected: true,
    operator: '==',
    diff: 'simple'
  }

test at src/clearing.test.js:1074:1
✖ actual libcolony repairs once, pauses a filled pail, and resumes one fill operation without redrawing (277.915695ms)
  AssertionError [ERR_ASSERTION]: Expected values to be strictly equal:
  
  14 !== 6
  
      at TestContext.<anonymous> (file:///home/levi/src/hive/src/clearing.test.js:1198:10)
      at Test.runInAsyncScope (node:async_hooks:227:14)
      at Test.run (node:internal/test_runner/test:1397:25)
      at Test.processPendingSubtests (node:internal/test_runner/test:969:18)
      at Test.postRun (node:internal/test_runner/test:1537:19)
      at Test.run (node:internal/test_runner/test:1462:12)
      at async Test.processPendingSubtests (node:internal/test_runner/test:969:7) {
    generatedMessage: true,
    code: 'ERR_ASSERTION',
    actual: 14,
    expected: 6,
    operator: 'strictEqual',
    diff: 'simple'
  }

test at src/persistence.test.js:948:1
✖ schema 10 converts cache recipe lots exactly once (26.617013ms)
  AssertionError [ERR_ASSERTION]: Expected values to be strictly deep-equal:
  + actual - expected
  ... Skipped lines
  
    [
      [
        'source-barm-lot:feature:reclaimed-timber-cache',
        'barm',
        1
  ...
      ],
  +   [
  +     'source-ration-lot:feature:reclaimed-timber-cache',
  +     'ration',
  +     6
  +   ]
    ]
  
      at TestContext.<anonymous> (file:///home/levi/src/hive/src/persistence.test.js:953:10)
      at Test.runInAsyncScope (node:async_hooks:227:14)
      at Test.run (node:internal/test_runner/test:1397:25)
      at Test.processPendingSubtests (node:internal/test_runner/test:969:18)
      at Test.postRun (node:internal/test_runner/test:1537:19)
      at Test.run (node:internal/test_runner/test:1462:12)
      at async Test.processPendingSubtests (node:internal/test_runner/test:969:7) {
    generatedMessage: true,
    code: 'ERR_ASSERTION',
    actual: [ [ 'source-barm-lot:feature:reclaimed-timber-cache', 'barm', 1 ], [ 'source-keg-lot:feature:reclaimed-timber-cache', 'keg', 1 ], [ 'source-malt-lot:feature:reclaimed-timber-cache', 'malt', 4 ], [ 'source-ration-lot:feature:reclaimed-timber-cache', 'ration', 6 ] ],
    expected: [ [ 'source-barm-lot:feature:reclaimed-timber-cache', 'barm', 1 ], [ 'source-keg-lot:feature:reclaimed-timber-cache', 'keg', 1 ], [ 'source-malt-lot:feature:reclaimed-timber-cache', 'malt', 4 ] ],
    operator: 'deepStrictEqual',
    diff: 'simple'
  }
