Running as unit: run-u3608.scope; invocation ID: f8a8c53c61ed45ccab6dd1b2f0875be5

> hive@0.0.0 test
> node --test src/clearing.test.js src/persistence.test.js

✔ optimizer commits its already-resolved one-unit source, request, destination, and owner (29.602331ms)
✔ a personal-first edge and a shared edge keep two workers distinct (7.787245ms)
✔ personal work bypasses preferences while shared work still honors them (7.177556ms)
✔ queue order wins scarce-source revalidation before actor ID (3.875941ms)
✔ a carrying transfer is continued by the same actor and interruption marks work dirty for retry (2.938839ms)
✔ unfinished shelves accept wood through their construction buffer, not shelf storage (45.767994ms)
✔ a normal wall withdraws stored wood through the common transfer lifecycle (9.693469ms)
✔ wall and shelf deconstruction salvage construction buffers and eject only shelf contents (3.861749ms)
✔ shelf teardown settles another actor's released transfer before the next snapshot (9.629172ms)
✖ chop, sow, harvest, and rest retain their non-transfer outcomes (11.547933ms)
✔ actual libcolony admits paused Work, Draft, and Go without advancing time (3.700757ms)
✔ actual libcolony assigns two idle home members distinct reachable shared chops (24.174441ms)
✔ actual libcolony admits legal stairs and rejects unsupported topology (4.773424ms)
✔ actual libcolony cancellation returns buffered wood and preserves v7 conservation (6.671384ms)
✔ established mugwort grows at its 20/80/240 thresholds (45.801154ms)
✔ actual libcolony replay stays deterministic through feed and cat movement (29.965519ms)
✔ actual libcolony preserves recruit/scope admission and one scarce source (9.707279ms)
✖ actual libcolony creates a night routine in a sheltered room and clears it at dawn (13.471472ms)
✔ actual libcolony supplies shared cache repair through its buffer and cancellation returns staged wood (38.106227ms)
✔ actual libcolony builds a normal brew station from repaired finite cache wood (167.765226ms)
✖ actual libcolony repairs once, pauses a filled pail, and resumes one fill operation without redrawing (130.334908ms)
✖ actual libcolony establishes one newly sown mugwort with one recoverable pail draw (82.62632ms)
✔ canceling mugwort water delivery releases the pail and never establishes the plant (65.633582ms)
✔ one cache pail admits only the earlier shared fill job (6.871015ms)
✖ canceling an incomplete fill drops its same filled pail and retires the live operation (0.871953ms)
✔ actual libcolony leaves a shortage staged but never admits a partial herbal ale (142.927104ms)
✔ actual libcolony stages, interrupts, reloads, prepares, and ferments herbal ale (621.305554ms)
✔ canceling PREPARE retires only its process promise and leaves staged brew lots (201.586606ms)
✔ brew-station removal stays blocked for staged, Fill, and fermenting ownership (0.598412ms)
✔ actual libcolony digs one shallow voxel to its rim then backfills through one soil transfer (36.357201ms)
✔ actual libcolony finishes an adjacent two-cell trench across a paused reload without spoiling either target (41.550448ms)
✔ drafting then cancelling a carrying backfill preserves its one real soil lot (17.489276ms)
✔ a new loose occupant interrupts a dig before settlement without minting soil (12.358335ms)
✖ v14 snapshots retain authored terrain, omit commands, and restore paused (88.767715ms)
✔ schema 13 stays frozen while schema 14 rejects malformed terrain edits and soil sinks (43.913528ms)
✖ strict schema 11 converts Craft defaults but rejects schema-12 Brew fields (21.24005ms)
✔ station endpoint catalogue restores checked slots and rejects mismatches (73.802573ms)
✖ valid schema 10 converts bindings and introduces cache supplies once (17.321324ms)
✔ schema 10 load boundary rejects schema-11 materials and transfer policies (15.39456ms)
✖ invalid schema 10 transfer relations reject before conversion (7.787455ms)
✖ a held pail use reloads only with its matching operation custody (10.970593ms)
✖ schema 12 validates executor-bound Fill custody before converting it (9.038612ms)
✖ current water operations pin target quantity and establishment receipts (7.507093ms)
✔ schema 10 rejects actor-bound pail bindings as an unpublished wire shape (4.990781ms)
✖ schema 10 rejects two parked operations bound to one physical pail (6.955613ms)
✖ schema 10 converts cache recipe lots exactly once (4.426871ms)
✖ schema 10 rejects a cross-domain cache supply identity collision before mutation (4.657039ms)
✔ schema 11 validates one exact brew binding and its provenance without live consumed lots (17.083845ms)
✔ schema 11 aggregates recipe portion promises across distinct brew bindings (15.450433ms)
✔ restore rejects a finite source occupying an actor's saved route (1.080999ms)
✔ restore rejects an irrelevant repair flag on a spring (4.952434ms)
✔ restore rejects finite source stock over its provider capacity (4.927967ms)
✔ restore rejects a raw schema 9 finite source with the wrong access policy (0.899024ms)
✔ restore rejects a finite source lot with the wrong source material (2.918798ms)
✔ restore accepts a final source lot drawn into a dropped pail (2.551305ms)
✔ restore rejects ordinary IDs colliding with active source derivatives (0.965996ms)
✔ restore rejects ordinary IDs colliding with an active source named lot (0.763059ms)
✔ restore rejects a vessel operation colliding with feature:spring (3.071979ms)
✔ restore rejects a vessel operation colliding with source:feature:spring (5.28835ms)
✔ restore rejects a vessel operation colliding with source-lot:feature:spring (0.891303ms)
✔ restore rejects a pending source that collides with an active feature identity (3.201415ms)
✔ schema 14 reports unsupported predecessors truthfully (3.766657ms)
✔ current recipe records parse a generic ID then reject an unsupported definition (0.868008ms)
✔ current-v8 revision admission distinguishes absent, malformed, and stale slots (4.419801ms)
✔ restore accepts an active build-supply transfer and rejects owner/request contrasts (26.663412ms)
✔ restore accepts one full embedding for every finished construction site (4.065226ms)
✔ restore rejects duplicate live material lot IDs (0.742058ms)
✔ restore rejects a synthetic stacked ground pail (3.660357ms)
✔ restore rejects drawn water made loose beside a depleted spring (0.791443ms)
✔ restore rejects duplicate current job IDs (2.498676ms)
✔ restore rejects duplicate current site IDs (4.069533ms)
✔ restore rejects duplicate transfer IDs before transfer joins (4.681175ms)
✔ restore rejects hand lots without exactly one carrying transfer (0.784452ms)
✔ restore rejects container lots outside an accepted live destination (0.773025ms)
✔ restore rejects embedded entries without a finished construction buffer (2.914472ms)
✔ restore rejects a transfer whose owner job is absent (3.702831ms)
✔ restore rejects transfer owner and destination disagreement (1.982838ms)
✔ restore rejects transfer phase quantities and source joins (1.824079ms)
✔ restore rejects aggregate reserved quantities over a source lot (4.498268ms)
✔ restore rejects occupied plus incoming material beyond a resolved container capacity (3.447947ms)
✔ restore measures mixed shelf occupancy in bulk units (2.328979ms)
✔ restore requires a matching actor task for reserved transfers (1.218727ms)
✔ restore rejects carrying material that does not match source or destination (1.838461ms)
✔ restore rejects a finished site without its full construction embedding (0.737802ms)
✔ restore rejects actor task, activity, assignment, and target disagreement (3.781288ms)
✔ restore rejects invalid actor paths (0.761678ms)
✔ restore rejects unsupported current topology (4.374493ms)
✔ restore rejects unsupported finished roofs (6.375708ms)
✔ restore rejects current material conservation breaks (2.891478ms)
ℹ tests 89
ℹ suites 0
ℹ pass 74
ℹ fail 15
ℹ cancelled 0
ℹ skipped 0
ℹ todo 0
ℹ duration_ms 3991.82021

✖ failing tests:

test at src/clearing.test.js:666:1
✖ chop, sow, harvest, and rest retain their non-transfer outcomes (11.547933ms)
  AssertionError [ERR_ASSERTION]: The expression evaluated to a falsy value:
  
    assert.ok(state.actors.rowan.rest >= 95)
  
      at TestContext.<anonymous> (file:///home/levi/src/hive/src/clearing.test.js:776:10)
      at Test.runInAsyncScope (node:async_hooks:227:14)
      at Test.run (node:internal/test_runner/test:1397:25)
      at Test.processPendingSubtests (node:internal/test_runner/test:969:18)
      at Test.postRun (node:internal/test_runner/test:1537:19)
      at Test.run (node:internal/test_runner/test:1462:12)
      at async Test.processPendingSubtests (node:internal/test_runner/test:969:7) {
    generatedMessage: true,
    code: 'ERR_ASSERTION',
    actual: false,
    expected: true,
    operator: '==',
    diff: 'simple'
  }

test at src/clearing.test.js:949:1
✖ actual libcolony creates a night routine in a sheltered room and clears it at dawn (13.471472ms)
  AssertionError [ERR_ASSERTION]: The expression evaluated to a falsy value:
  
    assert.ok(routine)
  
      at TestContext.<anonymous> (file:///home/levi/src/hive/src/clearing.test.js:972:10)
      at Test.runInAsyncScope (node:async_hooks:227:14)
      at Test.run (node:internal/test_runner/test:1397:25)
      at Test.processPendingSubtests (node:internal/test_runner/test:969:18)
      at Test.postRun (node:internal/test_runner/test:1537:19)
      at Test.run (node:internal/test_runner/test:1462:12)
      at async Test.processPendingSubtests (node:internal/test_runner/test:969:7) {
    generatedMessage: true,
    code: 'ERR_ASSERTION',
    actual: undefined,
    expected: true,
    operator: '==',
    diff: 'simple'
  }

test at src/clearing.test.js:1074:1
✖ actual libcolony repairs once, pauses a filled pail, and resumes one fill operation without redrawing (130.334908ms)
  AssertionError [ERR_ASSERTION]: Expected values to be strictly equal:
  
  14 !== 6
  
      at TestContext.<anonymous> (file:///home/levi/src/hive/src/clearing.test.js:1122:10)
      at Test.runInAsyncScope (node:async_hooks:227:14)
      at Test.run (node:internal/test_runner/test:1397:25)
      at Test.processPendingSubtests (node:internal/test_runner/test:969:18)
      at Test.postRun (node:internal/test_runner/test:1537:19)
      at Test.run (node:internal/test_runner/test:1462:12)
      at async Test.processPendingSubtests (node:internal/test_runner/test:969:7) {
    generatedMessage: true,
    code: 'ERR_ASSERTION',
    actual: 14,
    expected: 6,
    operator: 'strictEqual',
    diff: 'simple'
  }

test at src/clearing.test.js:1213:1
✖ actual libcolony establishes one newly sown mugwort with one recoverable pail draw (82.62632ms)
  AssertionError [ERR_ASSERTION]: Expected values to be strictly equal:
  
  14 !== 6
  
      at TestContext.<anonymous> (file:///home/levi/src/hive/src/clearing.test.js:1258:10)
      at Test.runInAsyncScope (node:async_hooks:227:14)
      at Test.run (node:internal/test_runner/test:1397:25)
      at Test.processPendingSubtests (node:internal/test_runner/test:969:18)
      at Test.postRun (node:internal/test_runner/test:1537:19)
      at Test.run (node:internal/test_runner/test:1462:12)
      at async Test.processPendingSubtests (node:internal/test_runner/test:969:7) {
    generatedMessage: true,
    code: 'ERR_ASSERTION',
    actual: 14,
    expected: 6,
    operator: 'strictEqual',
    diff: 'simple'
  }

test at src/clearing.test.js:1358:1
✖ canceling an incomplete fill drops its same filled pail and retires the live operation (0.871953ms)
  AssertionError [ERR_ASSERTION]: Expected values to be strictly equal:
  
  1 !== 0
  
      at TestContext.<anonymous> (file:///home/levi/src/hive/src/clearing.test.js:1443:10)
      at Test.runInAsyncScope (node:async_hooks:227:14)
      at Test.run (node:internal/test_runner/test:1397:25)
      at Test.processPendingSubtests (node:internal/test_runner/test:969:18)
      at Test.postRun (node:internal/test_runner/test:1537:19)
      at Test.run (node:internal/test_runner/test:1462:12)
      at async Test.processPendingSubtests (node:internal/test_runner/test:969:7) {
    generatedMessage: true,
    code: 'ERR_ASSERTION',
    actual: 1,
    expected: 0,
    operator: 'strictEqual',
    diff: 'simple'
  }

test at src/persistence.test.js:193:1
✖ v14 snapshots retain authored terrain, omit commands, and restore paused (88.767715ms)
  AssertionError [ERR_ASSERTION]: Expected values to be strictly equal:
  
  15 !== 14
  
      at TestContext.<anonymous> (file:///home/levi/src/hive/src/persistence.test.js:202:10)
      at Test.runInAsyncScope (node:async_hooks:227:14)
      at Test.run (node:internal/test_runner/test:1397:25)
      at Test.start (node:internal/test_runner/test:1257:17)
      at startSubtestAfterBootstrap (node:internal/test_runner/harness:387:17) {
    generatedMessage: true,
    code: 'ERR_ASSERTION',
    actual: 15,
    expected: 14,
    operator: 'strictEqual',
    diff: 'simple'
  }

test at src/persistence.test.js:247:1
✖ strict schema 11 converts Craft defaults but rejects schema-12 Brew fields (21.24005ms)
  ZodError: [
    {
      "expected": "number",
      "code": "invalid_type",
      "path": [
        "savedState",
        "rested"
      ],
      "message": "Invalid input: expected number, received undefined"
    },
    {
      "expected": "number",
      "code": "invalid_type",
      "path": [
        "savedState",
        "actors",
        "rowan",
        "rest"
      ],
      "message": "Invalid input: expected number, received undefined"
    },
    {
      "code": "unrecognized_keys",
      "keys": [
        "needs"
      ],
      "path": [
        "savedState",
        "actors",
        "rowan"
      ],
      "message": "Unrecognized key: \"needs\""
    },
    {
      "expected": "number",
      "code": "invalid_type",
      "path": [
        "savedState",
        "actors",
        "sedge",
        "rest"
      ],
      "message": "Invalid input: expected number, received undefined"
    },
    {
      "code": "unrecognized_keys",
      "keys": [
        "needs"
      ],
      "path": [
        "savedState",
        "actors",
        "sedge"
      ],
      "message": "Unrecognized key: \"needs\""
    },
    {
      "code": "invalid_value",
      "values": [
        "wood",
        "mugwort",
        "water",
        "pail",
        "malt",
        "barm",
        "keg",
        "ale",
        "spent-grain"
      ],
      "path": [
        "savedState",
        "materials",
        "lots",
        7,
        "material"
      ],
      "message": "Invalid option: expected one of \"wood\"|\"mugwort\"|\"water\"|\"pail\"|\"malt\"|\"barm\"|\"keg\"|\"ale\"|\"spent-grain\""
    },
    {
      "code": "unrecognized_keys",
      "keys": [
        "careOutcomes"
      ],
      "path": [
        "savedState"
      ],
      "message": "Unrecognized key: \"careOutcomes\""
    }
  ]
      at validateSaveEnvelope (file:///home/levi/src/hive/src/persistence.ts:3252:43)
      at restoreSnapshot (file:///home/levi/src/hive/src/persistence.ts:3289:18)
      at TestContext.<anonymous> (file:///home/levi/src/hive/src/persistence.test.js:248:20)
      at Test.runInAsyncScope (node:async_hooks:227:14)
      at Test.run (node:internal/test_runner/test:1397:25)
      at Test.processPendingSubtests (node:internal/test_runner/test:969:18)
      at Test.postRun (node:internal/test_runner/test:1537:19)
      at Test.run (node:internal/test_runner/test:1462:12)
      at async Test.processPendingSubtests (node:internal/test_runner/test:969:7)

test at src/persistence.test.js:494:1
✖ valid schema 10 converts bindings and introduces cache supplies once (17.321324ms)
  ZodError: [
    {
      "expected": "number",
      "code": "invalid_type",
      "path": [
        "savedState",
        "rested"
      ],
      "message": "Invalid input: expected number, received undefined"
    },
    {
      "expected": "number",
      "code": "invalid_type",
      "path": [
        "savedState",
        "actors",
        "rowan",
        "rest"
      ],
      "message": "Invalid input: expected number, received undefined"
    },
    {
      "code": "unrecognized_keys",
      "keys": [
        "needs"
      ],
      "path": [
        "savedState",
        "actors",
        "rowan"
      ],
      "message": "Unrecognized key: \"needs\""
    },
    {
      "expected": "number",
      "code": "invalid_type",
      "path": [
        "savedState",
        "actors",
        "sedge",
        "rest"
      ],
      "message": "Invalid input: expected number, received undefined"
    },
    {
      "code": "unrecognized_keys",
      "keys": [
        "needs"
      ],
      "path": [
        "savedState",
        "actors",
        "sedge"
      ],
      "message": "Unrecognized key: \"needs\""
    },
    {
      "code": "invalid_value",
      "values": [
        "wood",
        "mugwort",
        "water",
        "pail"
      ],
      "path": [
        "savedState",
        "materials",
        "lots",
        4,
        "material"
      ],
      "message": "Invalid option: expected one of \"wood\"|\"mugwort\"|\"water\"|\"pail\""
    },
    {
      "code": "unrecognized_keys",
      "keys": [
        "careOutcomes"
      ],
      "path": [
        "savedState"
      ],
      "message": "Unrecognized key: \"careOutcomes\""
    }
  ]
      at validateSaveEnvelope (file:///home/levi/src/hive/src/persistence.ts:3266:43)
      at restoreSnapshot (file:///home/levi/src/hive/src/persistence.ts:3289:18)
      at TestContext.<anonymous> (file:///home/levi/src/hive/src/persistence.test.js:495:20)
      at Test.runInAsyncScope (node:async_hooks:227:14)
      at Test.run (node:internal/test_runner/test:1397:25)
      at Test.processPendingSubtests (node:internal/test_runner/test:969:18)
      at Test.postRun (node:internal/test_runner/test:1537:19)
      at Test.run (node:internal/test_runner/test:1462:12)
      at async Test.processPendingSubtests (node:internal/test_runner/test:969:7)

test at src/persistence.test.js:572:1
✖ invalid schema 10 transfer relations reject before conversion (7.787455ms)
  AssertionError [ERR_ASSERTION]: The input did not match the regular expression /missing job/. Input:
  
  '[\n' +
    '  {\n' +
    '    "expected": "number",\n' +
    '    "code": "invalid_type",\n' +
    '    "path": [\n' +
    '      "savedState",\n' +
    '      "rested"\n' +
    '    ],\n' +
    '    "message": "Invalid input: expected number, received undefined"\n' +
    '  },\n' +
    '  {\n' +
    '    "expected": "number",\n' +
    '    "code": "invalid_type",\n' +
    '    "path": [\n' +
    '      "savedState",\n' +
    '      "actors",\n' +
    '      "rowan",\n' +
    '      "rest"\n' +
    '    ],\n' +
    '    "message": "Invalid input: expected number, received undefined"\n' +
    '  },\n' +
    '  {\n' +
    '    "code": "unrecognized_keys",\n' +
    '    "keys": [\n' +
    '      "needs"\n' +
    '    ],\n' +
    '    "path": [\n' +
    '      "savedState",\n' +
    '      "actors",\n' +
    '      "rowan"\n' +
    '    ],\n' +
    '    "message": "Unrecognized key: \\"needs\\""\n' +
    '  },\n' +
    '  {\n' +
    '    "expected": "number",\n' +
    '    "code": "invalid_type",\n' +
    '    "path": [\n' +
    '      "savedState",\n' +
    '      "actors",\n' +
    '      "sedge",\n' +
    '      "rest"\n' +
    '    ],\n' +
    '    "message": "Invalid input: expected number, received undefined"\n' +
    '  },\n' +
    '  {\n' +
    '    "code": "unrecognized_keys",\n' +
    '    "keys": [\n' +
    '      "needs"\n' +
    '    ],\n' +
    '    "path": [\n' +
    '      "savedState",\n' +
    '      "actors",\n' +
    '      "sedge"\n' +
    '    ],\n' +
    '    "message": "Unrecognized key: \\"needs\\""\n' +
    '  },\n' +
    '  {\n' +
    '    "code": "invalid_value",\n' +
    '    "values": [\n' +
    '      "wood",\n' +
    '      "mugwort",\n' +
    '      "water",\n' +
    '      "pail"\n' +
    '    ],\n' +
    '    "path": [\n' +
    '      "savedState",\n' +
    '      "materials",\n' +
    '      "lots",\n' +
    '      4,\n' +
    '      "material"\n' +
    '    ],\n' +
    '    "message": "Invalid option: expected one of \\"wood\\"|\\"mugwort\\"|\\"water\\"|\\"pail\\""\n' +
    '  },\n' +
    '  {\n' +
    '    "code": "unrecognized_keys",\n' +
    '    "keys": [\n' +
    '      "careOutcomes"\n' +
    '    ],\n' +
    '    "path": [\n' +
    '      "savedState"\n' +
    '    ],\n' +
    '    "message": "Unrecognized key: \\"careOutcomes\\""\n' +
    '  }\n' +
    ']'
  
      at TestContext.<anonymous> (file:///home/levi/src/hive/src/persistence.test.js:605:10)
      at Test.runInAsyncScope (node:async_hooks:227:14)
      at Test.run (node:internal/test_runner/test:1397:25)
      at Test.processPendingSubtests (node:internal/test_runner/test:969:18)
      at Test.postRun (node:internal/test_runner/test:1537:19)
      at Test.run (node:internal/test_runner/test:1462:12)
      at async Test.processPendingSubtests (node:internal/test_runner/test:969:7) {
    generatedMessage: true,
    code: 'ERR_ASSERTION',
    actual: ZodError: [
      {
        "expected": "number",
        "code": "invalid_type",
        "path": [
          "savedState",
          "rested"
        ],
        "message": "Invalid input: expected number, received undefined"
      },
      {
        "expected": "number",
        "code": "invalid_type",
        "path": [
          "savedState",
          "actors",
          "rowan",
          "rest"
        ],
        "message": "Invalid input: expected number, received undefined"
      },
      {
        "code": "unrecognized_keys",
        "keys": [
          "needs"
        ],
        "path": [
          "savedState",
          "actors",
          "rowan"
        ],
        "message": "Unrecognized key: \"needs\""
      },
      {
        "expected": "number",
        "code": "invalid_type",
        "path": [
          "savedState",
          "actors",
          "sedge",
          "rest"
        ],
        "message": "Invalid input: expected number, received undefined"
      },
      {
        "code": "unrecognized_keys",
        "keys": [
          "needs"
        ],
        "path": [
          "savedState",
          "actors",
          "sedge"
        ],
        "message": "Unrecognized key: \"needs\""
      },
      {
        "code": "invalid_value",
        "values": [
          "wood",
          "mugwort",
          "water",
          "pail"
        ],
        "path": [
          "savedState",
          "materials",
          "lots",
          4,
          "material"
        ],
        "message": "Invalid option: expected one of \"wood\"|\"mugwort\"|\"water\"|\"pail\""
      },
      {
        "code": "unrecognized_keys",
        "keys": [
          "careOutcomes"
        ],
        "path": [
          "savedState"
        ],
        "message": "Unrecognized key: \"careOutcomes\""
      }
    ]
        at validateSaveEnvelope (file:///home/levi/src/hive/src/persistence.ts:3266:43)
        at restoreSnapshot (file:///home/levi/src/hive/src/persistence.ts:3289:18)
        at file:///home/levi/src/hive/src/persistence.test.js:605:23
        at getActual (node:assert:611:5)
        at strict.throws (node:assert:759:24)
        at TestContext.<anonymous> (file:///home/levi/src/hive/src/persistence.test.js:605:10)
        at Test.runInAsyncScope (node:async_hooks:227:14)
        at Test.run (node:internal/test_runner/test:1397:25)
        at Test.processPendingSubtests (node:internal/test_runner/test:969:18)
        at Test.postRun (node:internal/test_runner/test:1537:19),
    expected: /missing job/,
    operator: 'throws',
    diff: 'simple'
  }

test at src/persistence.test.js:608:1
✖ a held pail use reloads only with its matching operation custody (10.970593ms)
  ZodError: [
    {
      "code": "invalid_union",
      "errors": [],
      "note": "No matching discriminator",
      "discriminator": "kind",
      "options": [
        "water-delivery",
        "consume"
      ],
      "path": [
        "savedState",
        "operations",
        0,
        "kind"
      ],
      "message": "Invalid discriminator value. Expected 'water-delivery' | 'consume'"
    }
  ]
      at validateSaveEnvelope (file:///home/levi/src/hive/src/persistence.ts:3198:36)
      at restoreSnapshot (file:///home/levi/src/hive/src/persistence.ts:3289:18)
      at TestContext.<anonymous> (file:///home/levi/src/hive/src/persistence.test.js:676:20)
      at Test.runInAsyncScope (node:async_hooks:227:14)
      at Test.run (node:internal/test_runner/test:1397:25)
      at Test.processPendingSubtests (node:internal/test_runner/test:969:18)
      at Test.postRun (node:internal/test_runner/test:1537:19)
      at Test.run (node:internal/test_runner/test:1462:12)
      at async Test.processPendingSubtests (node:internal/test_runner/test:969:7)

test at src/persistence.test.js:691:1
✖ schema 12 validates executor-bound Fill custody before converting it (9.038612ms)
  ZodError: [
    {
      "expected": "number",
      "code": "invalid_type",
      "path": [
        "savedState",
        "actors",
        "rowan",
        "rest"
      ],
      "message": "Invalid input: expected number, received undefined"
    },
    {
      "code": "unrecognized_keys",
      "keys": [
        "needs"
      ],
      "path": [
        "savedState",
        "actors",
        "rowan"
      ],
      "message": "Unrecognized key: \"needs\""
    },
    {
      "expected": "number",
      "code": "invalid_type",
      "path": [
        "savedState",
        "actors",
        "sedge",
        "rest"
      ],
      "message": "Invalid input: expected number, received undefined"
    },
    {
      "code": "unrecognized_keys",
      "keys": [
        "needs"
      ],
      "path": [
        "savedState",
        "actors",
        "sedge"
      ],
      "message": "Unrecognized key: \"needs\""
    },
    {
      "code": "invalid_value",
      "values": [
        "wood",
        "mugwort",
        "water",
        "pail",
        "malt",
        "barm",
        "keg",
        "ale",
        "spent-grain"
      ],
      "path": [
        "savedState",
        "materials",
        "lots",
        7,
        "material"
      ],
      "message": "Invalid option: expected one of \"wood\"|\"mugwort\"|\"water\"|\"pail\"|\"malt\"|\"barm\"|\"keg\"|\"ale\"|\"spent-grain\""
    },
    {
      "expected": "number",
      "code": "invalid_type",
      "path": [
        "savedState",
        "rested"
      ],
      "message": "Invalid input: expected number, received undefined"
    },
    {
      "code": "unrecognized_keys",
      "keys": [
        "careOutcomes"
      ],
      "path": [
        "savedState"
      ],
      "message": "Unrecognized key: \"careOutcomes\""
    }
  ]
      at validateSaveEnvelope (file:///home/levi/src/hive/src/persistence.ts:3238:43)
      at restoreSnapshot (file:///home/levi/src/hive/src/persistence.ts:3289:18)
      at TestContext.<anonymous> (file:///home/levi/src/hive/src/persistence.test.js:759:20)
      at Test.runInAsyncScope (node:async_hooks:227:14)
      at Test.run (node:internal/test_runner/test:1397:25)
      at Test.processPendingSubtests (node:internal/test_runner/test:969:18)
      at Test.postRun (node:internal/test_runner/test:1537:19)
      at Test.run (node:internal/test_runner/test:1462:12)
      at async Test.processPendingSubtests (node:internal/test_runner/test:969:7)

test at src/persistence.test.js:772:1
✖ current water operations pin target quantity and establishment receipts (7.507093ms)
  AssertionError [ERR_ASSERTION]: Got unwanted exception.
  Actual message: "[
    {
      "code": "invalid_union",
      "errors": [],
      "note": "No matching discriminator",
      "discriminator": "kind",
      "options": [
        "water-delivery",
        "consume"
      ],
      "path": [
        "savedState",
        "operations",
        0,
        "kind"
      ],
      "message": "Invalid discriminator value. Expected 'water-delivery' | 'consume'"
    }
  ]"
      at TestContext.<anonymous> (file:///home/levi/src/hive/src/persistence.test.js:828:10)
      at Test.runInAsyncScope (node:async_hooks:227:14)
      at Test.run (node:internal/test_runner/test:1397:25)
      at Test.processPendingSubtests (node:internal/test_runner/test:969:18)
      at Test.postRun (node:internal/test_runner/test:1537:19)
      at Test.run (node:internal/test_runner/test:1462:12)
      at async Test.processPendingSubtests (node:internal/test_runner/test:969:7) {
    generatedMessage: false,
    code: 'ERR_ASSERTION',
    actual: ZodError: [
      {
        "code": "invalid_union",
        "errors": [],
        "note": "No matching discriminator",
        "discriminator": "kind",
        "options": [
          "water-delivery",
          "consume"
        ],
        "path": [
          "savedState",
          "operations",
          0,
          "kind"
        ],
        "message": "Invalid discriminator value. Expected 'water-delivery' | 'consume'"
      }
    ]
        at validateSaveEnvelope (file:///home/levi/src/hive/src/persistence.ts:3198:36)
        at restoreSnapshot (file:///home/levi/src/hive/src/persistence.ts:3289:18)
        at file:///home/levi/src/hive/src/persistence.test.js:828:29
        at getActual (node:assert:611:5)
        at strict.doesNotThrow (node:assert:779:32)
        at TestContext.<anonymous> (file:///home/levi/src/hive/src/persistence.test.js:828:10)
        at Test.runInAsyncScope (node:async_hooks:227:14)
        at Test.run (node:internal/test_runner/test:1397:25)
        at Test.processPendingSubtests (node:internal/test_runner/test:969:18)
        at Test.postRun (node:internal/test_runner/test:1537:19),
    expected: undefined,
    operator: 'doesNotThrow',
    diff: 'simple'
  }

test at src/persistence.test.js:884:1
✖ schema 10 rejects two parked operations bound to one physical pail (6.955613ms)
  AssertionError [ERR_ASSERTION]: The input did not match the regular expression /duplicate vessel binding/. Input:
  
  '[\n' +
    '  {\n' +
    '    "code": "invalid_union",\n' +
    '    "errors": [],\n' +
    '    "note": "No matching discriminator",\n' +
    '    "discriminator": "kind",\n' +
    '    "options": [\n' +
    '      "water-delivery",\n' +
    '      "consume"\n' +
    '    ],\n' +
    '    "path": [\n' +
    '      "savedState",\n' +
    '      "operations",\n' +
    '      0,\n' +
    '      "kind"\n' +
    '    ],\n' +
    `    "message": "Invalid discriminator value. Expected 'water-delivery' | 'consume'"\n` +
    '  },\n' +
    '  {\n' +
    '    "code": "invalid_union",\n' +
    '    "errors": [],\n' +
    '    "note": "No matching discriminator",\n' +
    '    "discriminator": "kind",\n' +
    '    "options": [\n' +
    '      "water-delivery",\n' +
    '      "consume"\n' +
    '    ],\n' +
    '    "path": [\n' +
    '      "savedState",\n' +
    '      "operations",\n' +
    '      1,\n' +
    '      "kind"\n' +
    '    ],\n' +
    `    "message": "Invalid discriminator value. Expected 'water-delivery' | 'consume'"\n` +
    '  }\n' +
    ']'
  
      at TestContext.<anonymous> (file:///home/levi/src/hive/src/persistence.test.js:932:10)
      at Test.runInAsyncScope (node:async_hooks:227:14)
      at Test.run (node:internal/test_runner/test:1397:25)
      at Test.processPendingSubtests (node:internal/test_runner/test:969:18)
      at Test.postRun (node:internal/test_runner/test:1537:19)
      at Test.run (node:internal/test_runner/test:1462:12)
      at async Test.processPendingSubtests (node:internal/test_runner/test:969:7) {
    generatedMessage: true,
    code: 'ERR_ASSERTION',
    actual: ZodError: [
      {
        "code": "invalid_union",
        "errors": [],
        "note": "No matching discriminator",
        "discriminator": "kind",
        "options": [
          "water-delivery",
          "consume"
        ],
        "path": [
          "savedState",
          "operations",
          0,
          "kind"
        ],
        "message": "Invalid discriminator value. Expected 'water-delivery' | 'consume'"
      },
      {
        "code": "invalid_union",
        "errors": [],
        "note": "No matching discriminator",
        "discriminator": "kind",
        "options": [
          "water-delivery",
          "consume"
        ],
        "path": [
          "savedState",
          "operations",
          1,
          "kind"
        ],
        "message": "Invalid discriminator value. Expected 'water-delivery' | 'consume'"
      }
    ]
        at validateSaveEnvelope (file:///home/levi/src/hive/src/persistence.ts:3198:36)
        at restoreSnapshot (file:///home/levi/src/hive/src/persistence.ts:3289:18)
        at file:///home/levi/src/hive/src/persistence.test.js:932:23
        at getActual (node:assert:611:5)
        at strict.throws (node:assert:759:24)
        at TestContext.<anonymous> (file:///home/levi/src/hive/src/persistence.test.js:932:10)
        at Test.runInAsyncScope (node:async_hooks:227:14)
        at Test.run (node:internal/test_runner/test:1397:25)
        at Test.processPendingSubtests (node:internal/test_runner/test:969:18)
        at Test.postRun (node:internal/test_runner/test:1537:19),
    expected: /duplicate vessel binding/,
    operator: 'throws',
    diff: 'simple'
  }

test at src/persistence.test.js:935:1
✖ schema 10 converts cache recipe lots exactly once (4.426871ms)
  ZodError: [
    {
      "expected": "number",
      "code": "invalid_type",
      "path": [
        "savedState",
        "rested"
      ],
      "message": "Invalid input: expected number, received undefined"
    },
    {
      "expected": "number",
      "code": "invalid_type",
      "path": [
        "savedState",
        "actors",
        "rowan",
        "rest"
      ],
      "message": "Invalid input: expected number, received undefined"
    },
    {
      "code": "unrecognized_keys",
      "keys": [
        "needs"
      ],
      "path": [
        "savedState",
        "actors",
        "rowan"
      ],
      "message": "Unrecognized key: \"needs\""
    },
    {
      "expected": "number",
      "code": "invalid_type",
      "path": [
        "savedState",
        "actors",
        "sedge",
        "rest"
      ],
      "message": "Invalid input: expected number, received undefined"
    },
    {
      "code": "unrecognized_keys",
      "keys": [
        "needs"
      ],
      "path": [
        "savedState",
        "actors",
        "sedge"
      ],
      "message": "Unrecognized key: \"needs\""
    },
    {
      "code": "invalid_value",
      "values": [
        "wood",
        "mugwort",
        "water",
        "pail"
      ],
      "path": [
        "savedState",
        "materials",
        "lots",
        4,
        "material"
      ],
      "message": "Invalid option: expected one of \"wood\"|\"mugwort\"|\"water\"|\"pail\""
    },
    {
      "code": "unrecognized_keys",
      "keys": [
        "careOutcomes"
      ],
      "path": [
        "savedState"
      ],
      "message": "Unrecognized key: \"careOutcomes\""
    }
  ]
      at validateSaveEnvelope (file:///home/levi/src/hive/src/persistence.ts:3266:43)
      at restoreSnapshot (file:///home/levi/src/hive/src/persistence.ts:3289:18)
      at TestContext.<anonymous> (file:///home/levi/src/hive/src/persistence.test.js:936:20)
      at Test.runInAsyncScope (node:async_hooks:227:14)
      at Test.run (node:internal/test_runner/test:1397:25)
      at Test.processPendingSubtests (node:internal/test_runner/test:969:18)
      at Test.postRun (node:internal/test_runner/test:1537:19)
      at Test.run (node:internal/test_runner/test:1462:12)
      at async Test.processPendingSubtests (node:internal/test_runner/test:969:7)

test at src/persistence.test.js:963:1
✖ schema 10 rejects a cross-domain cache supply identity collision before mutation (4.657039ms)
  AssertionError [ERR_ASSERTION]: The input did not match the regular expression /identity collision/. Input:
  
  '[\n' +
    '  {\n' +
    '    "expected": "number",\n' +
    '    "code": "invalid_type",\n' +
    '    "path": [\n' +
    '      "savedState",\n' +
    '      "rested"\n' +
    '    ],\n' +
    '    "message": "Invalid input: expected number, received undefined"\n' +
    '  },\n' +
    '  {\n' +
    '    "expected": "number",\n' +
    '    "code": "invalid_type",\n' +
    '    "path": [\n' +
    '      "savedState",\n' +
    '      "actors",\n' +
    '      "rowan",\n' +
    '      "rest"\n' +
    '    ],\n' +
    '    "message": "Invalid input: expected number, received undefined"\n' +
    '  },\n' +
    '  {\n' +
    '    "code": "unrecognized_keys",\n' +
    '    "keys": [\n' +
    '      "needs"\n' +
    '    ],\n' +
    '    "path": [\n' +
    '      "savedState",\n' +
    '      "actors",\n' +
    '      "rowan"\n' +
    '    ],\n' +
    '    "message": "Unrecognized key: \\"needs\\""\n' +
    '  },\n' +
    '  {\n' +
    '    "expected": "number",\n' +
    '    "code": "invalid_type",\n' +
    '    "path": [\n' +
    '      "savedState",\n' +
    '      "actors",\n' +
    '      "sedge",\n' +
    '      "rest"\n' +
    '    ],\n' +
    '    "message": "Invalid input: expected number, received undefined"\n' +
    '  },\n' +
    '  {\n' +
    '    "code": "unrecognized_keys",\n' +
    '    "keys": [\n' +
    '      "needs"\n' +
    '    ],\n' +
    '    "path": [\n' +
    '      "savedState",\n' +
    '      "actors",\n' +
    '      "sedge"\n' +
    '    ],\n' +
    '    "message": "Unrecognized key: \\"needs\\""\n' +
    '  },\n' +
    '  {\n' +
    '    "code": "invalid_value",\n' +
    '    "values": [\n' +
    '      "wood",\n' +
    '      "mugwort",\n' +
    '      "water",\n' +
    '      "pail"\n' +
    '    ],\n' +
    '    "path": [\n' +
    '      "savedState",\n' +
    '      "materials",\n' +
    '      "lots",\n' +
    '      4,\n' +
    '      "material"\n' +
    '    ],\n' +
    '    "message": "Invalid option: expected one of \\"wood\\"|\\"mugwort\\"|\\"water\\"|\\"pail\\""\n' +
    '  },\n' +
    '  {\n' +
    '    "code": "unrecognized_keys",\n' +
    '    "keys": [\n' +
    '      "careOutcomes"\n' +
    '    ],\n' +
    '    "path": [\n' +
    '      "savedState"\n' +
    '    ],\n' +
    '    "message": "Unrecognized key: \\"careOutcomes\\""\n' +
    '  }\n' +
    ']'
  
      at TestContext.<anonymous> (file:///home/levi/src/hive/src/persistence.test.js:967:10)
      at Test.runInAsyncScope (node:async_hooks:227:14)
      at Test.run (node:internal/test_runner/test:1397:25)
      at Test.processPendingSubtests (node:internal/test_runner/test:969:18)
      at Test.postRun (node:internal/test_runner/test:1537:19)
      at Test.run (node:internal/test_runner/test:1462:12)
      at async Test.processPendingSubtests (node:internal/test_runner/test:969:7) {
    generatedMessage: true,
    code: 'ERR_ASSERTION',
    actual: ZodError: [
      {
        "expected": "number",
        "code": "invalid_type",
        "path": [
          "savedState",
          "rested"
        ],
        "message": "Invalid input: expected number, received undefined"
      },
      {
        "expected": "number",
        "code": "invalid_type",
        "path": [
          "savedState",
          "actors",
          "rowan",
          "rest"
        ],
        "message": "Invalid input: expected number, received undefined"
      },
      {
        "code": "unrecognized_keys",
        "keys": [
          "needs"
        ],
        "path": [
          "savedState",
          "actors",
          "rowan"
        ],
        "message": "Unrecognized key: \"needs\""
      },
      {
        "expected": "number",
        "code": "invalid_type",
        "path": [
          "savedState",
          "actors",
          "sedge",
          "rest"
        ],
        "message": "Invalid input: expected number, received undefined"
      },
      {
        "code": "unrecognized_keys",
        "keys": [
          "needs"
        ],
        "path": [
          "savedState",
          "actors",
          "sedge"
        ],
        "message": "Unrecognized key: \"needs\""
      },
      {
        "code": "invalid_value",
        "values": [
          "wood",
          "mugwort",
          "water",
          "pail"
        ],
        "path": [
          "savedState",
          "materials",
          "lots",
          4,
          "material"
        ],
        "message": "Invalid option: expected one of \"wood\"|\"mugwort\"|\"water\"|\"pail\""
      },
      {
        "code": "unrecognized_keys",
        "keys": [
          "careOutcomes"
        ],
        "path": [
          "savedState"
        ],
        "message": "Unrecognized key: \"careOutcomes\""
      }
    ]
        at validateSaveEnvelope (file:///home/levi/src/hive/src/persistence.ts:3266:43)
        at restoreSnapshot (file:///home/levi/src/hive/src/persistence.ts:3289:18)
        at file:///home/levi/src/hive/src/persistence.test.js:967:23
        at getActual (node:assert:611:5)
        at strict.throws (node:assert:759:24)
        at TestContext.<anonymous> (file:///home/levi/src/hive/src/persistence.test.js:967:10)
        at Test.runInAsyncScope (node:async_hooks:227:14)
        at Test.run (node:internal/test_runner/test:1397:25)
        at Test.processPendingSubtests (node:internal/test_runner/test:969:18)
        at Test.postRun (node:internal/test_runner/test:1537:19),
    expected: /identity collision/,
    operator: 'throws',
    diff: 'simple'
  }
