vite v7.3.6 building client environment for production...
transforming...
../environment/node_modules/zod/v4/core/util.js (330:0): A comment

"// Wrapped in a `@__PURE__` IIFE: esbuild never tree-shakes a top-level initializer that contains a member access on `Number`, so the bare object literal survived into every bundle."

in "../environment/node_modules/zod/v4/core/util.js" contains an annotation that Rollup cannot interpret due to the position of the comment. The comment will be removed to avoid issues.
../environment/node_modules/zod/v4/core/regexes.js (70:0): A comment

"/** Anchors a pattern source. The interpolation lives here rather than at the call site because
 * esbuild will not drop a `@__PURE__` call whose own argument interpolates a variable, but it
 * will drop `anchor(dateSource)`. Keeping it inline pinned `date` into every bundle. */"

in "../environment/node_modules/zod/v4/core/regexes.js" contains an annotation that Rollup cannot interpret due to the position of the comment. The comment will be removed to avoid issues.
../environment/node_modules/zod/v4/core/util.js (330:0): A comment

"// Wrapped in a `@__PURE__` IIFE: esbuild never tree-shakes a top-level initializer that contains a member access on `Number`, so the bare object literal survived into every bundle."

in "../environment/node_modules/zod/v4/core/util.js" contains an annotation that Rollup cannot interpret due to the position of the comment. The comment will be removed to avoid issues.
../environment/node_modules/zod/v4/core/regexes.js (70:0): A comment

"/** Anchors a pattern source. The interpolation lives here rather than at the call site because
 * esbuild will not drop a `@__PURE__` call whose own argument interpolates a variable, but it
 * will drop `anchor(dateSource)`. Keeping it inline pinned `date` into every bundle. */"

in "../environment/node_modules/zod/v4/core/regexes.js" contains an annotation that Rollup cannot interpret due to the position of the comment. The comment will be removed to avoid issues.
✓ 1057 modules transformed.
rendering chunks...
computing gzip size...
dist/slosh-lab.html                                 1.05 kB │ gzip:   0.41 kB
dist/soil-water-lab.html                            1.12 kB │ gzip:   0.45 kB
dist/gas-heat-lab.html                              1.13 kB │ gzip:   0.46 kB
dist/wet-clearing.html                              1.31 kB │ gzip:   0.50 kB
dist/clearing-minimap-study.html                    1.57 kB │ gzip:   0.53 kB
dist/brewhouse-air.html                             1.78 kB │ gzip:   0.57 kB
dist/mixed-shelf-study.html                         2.20 kB │ gzip:   0.85 kB
dist/index.html                                     2.81 kB │ gzip:   0.85 kB
dist/foliage-wind-study.html                        3.15 kB │ gzip:   1.08 kB
dist/goblin-den-study.html                          3.59 kB │ gzip:   1.52 kB
dist/brewhouse-study.html                           3.67 kB │ gzip:   1.22 kB
dist/goblin-mess-study.html                         4.21 kB │ gzip:   1.58 kB
dist/world-lab.html                                 4.72 kB │ gzip:   1.47 kB
dist/fire-study.html                                4.95 kB │ gzip:   1.65 kB
dist/animal-study.html                              5.65 kB │ gzip:   1.80 kB
dist/devil-study.html                               6.29 kB │ gzip:   2.12 kB
dist/study.html                                     7.57 kB │ gzip:   2.06 kB
dist/assets/worker-DGieueNY.js                      8.37 kB
dist/assets/worker-BWpmczFL.js                     74.42 kB
dist/assets/worker-CaHdAFEw.js                    263.72 kB
dist/assets/foliageWindStudy-3ROiHblo.css           0.28 kB │ gzip:   0.23 kB
dist/assets/study-chrome-uH_0aS5N.css               0.86 kB │ gzip:   0.46 kB
dist/assets/mixedShelfStudy-BjWcZplS.css            1.14 kB │ gzip:   0.61 kB
dist/assets/wetClearing-DaALT0yS.css                1.18 kB │ gzip:   0.56 kB
dist/assets/brewhouseStudy-BHMhHxMA.css             1.27 kB │ gzip:   0.61 kB
dist/assets/clearingMinimapStudy-D6agBLw9.css       1.71 kB │ gzip:   0.76 kB
dist/assets/sloshLab-Dd6aRcm5.css                   1.76 kB │ gzip:   0.73 kB
dist/assets/clearing-CIHJZZDS.css                   2.05 kB │ gzip:   0.86 kB
dist/assets/brewhouseAir-P6oI5-LR.css               2.49 kB │ gzip:   0.95 kB
dist/assets/soilWaterLab-BA0E0aDG.css               2.59 kB │ gzip:   0.90 kB
dist/assets/gasHeatLab-CZ4oDWLB.css                 2.70 kB │ gzip:   0.98 kB
dist/assets/worldLab-DH7Iy_DJ.css                   3.12 kB │ gzip:   1.01 kB
dist/assets/study-B3RiCGs3.css                      5.30 kB │ gzip:   1.72 kB
dist/assets/game-BW6V9fxt.css                       9.68 kB │ gzip:   2.68 kB
dist/assets/styles-vpkPkzl0.css                   207.56 kB │ gzip:  29.71 kB
dist/assets/getTextureBatchBindGroup-8w2nljJt.js    0.39 kB │ gzip:   0.29 kB
dist/assets/getPo2TextureFromSource-CWwYnY82.js     0.42 kB │ gzip:   0.29 kB
dist/assets/bake-BmCnP1VS.js                        0.68 kB │ gzip:   0.43 kB
dist/assets/CanvasPool-BvEWXBeV.js                  0.79 kB │ gzip:   0.44 kB
dist/assets/Filter-C-Pa_EYL.js                      0.91 kB │ gzip:   0.48 kB
dist/assets/card-CcmTcH3F.js                        1.17 kB │ gzip:   0.43 kB
dist/assets/StudyChrome-Bnf2BOJD.js                 1.23 kB │ gzip:   0.55 kB
dist/assets/mixed-shelf-CqE87DWe.js                 1.42 kB │ gzip:   0.73 kB
dist/assets/mixedShelfStudy-Osq9AgGG.js             1.84 kB │ gzip:   1.00 kB
dist/assets/tabs-CUtPcNnq.js                        2.79 kB │ gzip:   1.34 kB
dist/assets/study-chrome-D3Kdr3oC.js                4.15 kB │ gzip:   1.68 kB
dist/assets/clearingMinimapStudy-DWfBRkMs.js        4.74 kB │ gzip:   2.02 kB
dist/assets/canvasUtils-IL1rWTzE.js                 5.68 kB │ gzip:   1.79 kB
dist/assets/height-DL-lpRpX.js                      5.75 kB │ gzip:   2.45 kB
dist/assets/fireStudy-CHsk3iF8.js                   6.48 kB │ gzip:   3.30 kB
dist/assets/clearing-BqawyQTi.js                    7.28 kB │ gzip:   2.88 kB
dist/assets/foliageWindStudy-Dhi_7L1N.js            7.48 kB │ gzip:   3.87 kB
dist/assets/wetClearing-B9n59-nn.js                 9.07 kB │ gzip:   3.94 kB
dist/assets/sloshLab-C5ttaU8j.js                   10.01 kB │ gzip:   3.75 kB
dist/assets/devilStudy-BvbobipN.js                 10.32 kB │ gzip:   4.88 kB
dist/assets/Application-CJxelJHe.js                10.54 kB │ gzip:   3.89 kB
dist/assets/BufferResource-DsN-ttyA.js             10.73 kB │ gzip:   2.85 kB
dist/assets/study-C_Wcd5_b.js                      11.33 kB │ gzip:   4.57 kB
dist/assets/animalStudy-BLceuzZ3.js                11.45 kB │ gzip:   5.24 kB
dist/assets/gasHeatLab-C5hQNamt.js                 11.56 kB │ gzip:   4.00 kB
dist/assets/construction-DP4k8iKK.js               13.02 kB │ gzip:   4.46 kB
dist/assets/figures-CySTThQH.js                    13.62 kB │ gzip:   5.49 kB
dist/assets/brewhouseStudy-DHvhYdrD.js             13.63 kB │ gzip:   6.09 kB
dist/assets/webworkerAll-Bom-X_Bm.js               15.64 kB │ gzip:   4.97 kB
dist/assets/brewhouseAir-D2u7gTii.js               16.54 kB │ gzip:   6.57 kB
dist/assets/home-C9MBKWOj.js                       16.61 kB │ gzip:   6.71 kB
dist/assets/CanvasRenderer-DQzcTB7O.js             17.77 kB │ gzip:   5.97 kB
dist/assets/Geometry-DqInVbIc.js                   19.12 kB │ gzip:   6.45 kB
dist/assets/BatchableSprite-DRJRS1Tv.js            20.36 kB │ gzip:   6.65 kB
dist/assets/soilWaterLab-BoMYswv_.js               20.98 kB │ gzip:   6.27 kB
dist/assets/worldLab-flxnw7Xp.js                   23.13 kB │ gzip:   8.43 kB
dist/assets/WebGPURenderer-YwkhDJa8.js             39.18 kB │ gzip:  10.97 kB
dist/assets/item-containers-BwWY6s-K.js            43.06 kB │ gzip:  11.45 kB
dist/assets/browserAll-D0Jao8Tx.js                 43.26 kB │ gzip:  11.39 kB
dist/assets/art-BX8WAMRp.js                        46.29 kB │ gzip:  16.86 kB
dist/assets/RenderTargetSystem-BHr9OJqk.js         46.47 kB │ gzip:  12.75 kB
dist/assets/WebGLRenderer-DE68fsIn.js              68.90 kB │ gzip:  18.92 kB
dist/assets/Graphics-BXGV64AB.js                   71.83 kB │ gzip:  22.93 kB
dist/assets/clearing-Cokzazr8.js                   85.54 kB │ gzip:  26.03 kB
dist/assets/geometry-CyAiEndD.js                  111.22 kB │ gzip:  34.77 kB
dist/assets/scale-CVknjrPz.js                     152.55 kB │ gzip:  46.99 kB
dist/assets/styles-BUeC02zC.js                    172.47 kB │ gzip:  55.75 kB
dist/assets/game-CmiscYfk.js                      273.07 kB │ gzip:  83.96 kB
dist/assets/prop-camera-CfUnWKDc.js               567.22 kB │ gzip: 147.71 kB

(!) Some chunks are larger than 500 kB after minification. Consider:
- Using dynamic import() to code-split the application
- Use build.rollupOptions.output.manualChunks to improve chunking: https://rollupjs.org/configuration-options/#output-manualchunks
- Adjust chunk size limit for this warning via build.chunkSizeWarningLimit.
✓ built in 26.46s
